../Core/Src/SystemTimer.c:28:6:initQueue	16	static
../Core/Src/SystemTimer.c:32:6:swapElements	24	static
../Core/Src/SystemTimer.c:39:6:heapifyUp	24	static
../Core/Src/SystemTimer.c:47:6:heapifyDown	32	static
../Core/Src/SystemTimer.c:65:6:enqueue	24	static
../Core/Src/SystemTimer.c:74:6:dequeue	24	static
../Core/Src/SystemTimer.c:80:6:addTimer	24	static
../Core/Src/SystemTimer.c:103:6:initTimer	8	static
../Core/Src/SystemTimer.c:106:5:isTimerFlagOn	16	static
../Core/Src/SystemTimer.c:125:6:setTimer	16	static
../Core/Src/SystemTimer.c:129:6:timerRun	4	static
